2025-03-26 13:11:21,892 - INFO - 未找到图书列表，开始创建...
2025-03-26 13:11:21,893 - ERROR - 标签文件不存在: c:\Users\CDCAK\Desktop\CDC_book-system\爬虫\docs\taglist.csv
2025-03-26 13:11:21,893 - ERROR - 创建图书列表失败
2025-03-26 13:12:30,786 - INFO - 未找到图书列表，开始创建...
2025-03-26 13:12:30,787 - ERROR - 标签文件不存在: c:\Users\CDCAK\Desktop\CDC_book-system\爬虫\docs\taglist.csv
2025-03-26 13:12:30,787 - ERROR - 创建图书列表失败
2025-03-26 13:12:46,147 - INFO - 未找到图书列表，开始创建...
2025-03-26 13:12:46,148 - ERROR - 标签文件不存在: c:\Users\CDCAK\Desktop\CDC_book-system\爬虫\docs\taglist.csv
2025-03-26 13:12:46,148 - ERROR - 创建图书列表失败
2025-03-26 13:14:56,732 - INFO - 未找到图书列表，开始创建...
2025-03-26 13:14:56,732 - ERROR - 标签文件不存在: c:\Users\CDCAK\Desktop\CDC_book-system\爬虫\docs\taglist.csv
2025-03-26 13:14:56,732 - ERROR - 创建图书列表失败
2025-03-26 13:15:15,557 - INFO - 未找到图书列表，开始创建...
2025-03-26 13:15:23,702 - INFO - 已从标签 '文学' 获取 20 本书
2025-03-26 13:15:31,589 - INFO - 已从标签 '文学' 获取 40 本书
2025-03-26 13:15:39,890 - INFO - 已从标签 '文学' 获取 50 本书
2025-03-26 13:15:45,479 - INFO - 标签 '文学' 处理完成，获取 50 本书
2025-03-26 13:16:19,021 - INFO - 已从标签 '小说' 获取 20 本书
2025-03-26 13:16:26,209 - INFO - 已从标签 '小说' 获取 40 本书
2025-03-26 13:16:33,912 - INFO - 已从标签 '小说' 获取 50 本书
2025-03-26 13:16:41,336 - INFO - 标签 '小说' 处理完成，获取 50 本书
2025-03-26 13:17:03,078 - INFO - 已从标签 '外国文学' 获取 20 本书
2025-03-26 13:17:10,101 - INFO - 已从标签 '外国文学' 获取 40 本书
2025-03-26 13:17:20,474 - INFO - 已从标签 '外国文学' 获取 50 本书
2025-03-26 13:17:23,556 - INFO - 标签 '外国文学' 处理完成，获取 50 本书
2025-03-26 13:17:50,951 - INFO - 已从标签 '经典' 获取 20 本书
2025-03-26 13:18:01,484 - INFO - 已从标签 '经典' 获取 40 本书
2025-03-26 13:18:13,509 - INFO - 已从标签 '经典' 获取 50 本书
2025-03-26 13:18:18,004 - INFO - 标签 '经典' 处理完成，获取 50 本书
2025-03-26 13:18:40,637 - INFO - 已从标签 '中国文学' 获取 20 本书
2025-03-26 13:18:49,239 - INFO - 已从标签 '中国文学' 获取 40 本书
2025-03-26 13:19:02,273 - INFO - 已从标签 '中国文学' 获取 50 本书
2025-03-26 13:19:08,370 - INFO - 标签 '中国文学' 处理完成，获取 50 本书
2025-03-26 13:19:22,639 - INFO - 已从标签 '随笔' 获取 20 本书
2025-03-26 13:19:34,907 - INFO - 已从标签 '随笔' 获取 40 本书
2025-03-26 13:19:41,921 - INFO - 已从标签 '随笔' 获取 50 本书
2025-03-26 13:19:49,033 - INFO - 标签 '随笔' 处理完成，获取 50 本书
2025-03-26 13:20:19,770 - INFO - 已从标签 '日本文学' 获取 20 本书
2025-03-26 13:20:28,255 - INFO - 已从标签 '日本文学' 获取 40 本书
2025-03-26 13:20:38,467 - INFO - 已从标签 '日本文学' 获取 50 本书
2025-03-26 13:20:46,120 - INFO - 标签 '日本文学' 处理完成，获取 50 本书
2025-03-26 13:21:20,025 - INFO - 已从标签 '散文' 获取 20 本书
2025-03-26 13:21:30,692 - INFO - 已从标签 '散文' 获取 40 本书
2025-03-26 13:21:40,776 - INFO - 已从标签 '散文' 获取 50 本书
2025-03-26 13:21:48,333 - INFO - 标签 '散文' 处理完成，获取 50 本书
2025-03-26 13:22:10,099 - INFO - 已从标签 '村上春树' 获取 20 本书
2025-03-26 13:22:23,202 - INFO - 已从标签 '村上春树' 获取 40 本书
2025-03-26 13:22:33,211 - INFO - 已从标签 '村上春树' 获取 50 本书
2025-03-26 13:22:37,008 - INFO - 标签 '村上春树' 处理完成，获取 50 本书
2025-03-26 13:23:05,618 - INFO - 已从标签 '诗歌' 获取 20 本书
2025-03-26 13:23:17,437 - INFO - 已从标签 '诗歌' 获取 40 本书
2025-03-26 13:23:28,693 - INFO - 已从标签 '诗歌' 获取 50 本书
2025-03-26 13:23:32,502 - INFO - 标签 '诗歌' 处理完成，获取 50 本书
2025-03-26 13:23:53,368 - INFO - 已从标签 '童话' 获取 20 本书
2025-03-26 13:24:06,577 - INFO - 已从标签 '童话' 获取 40 本书
2025-03-26 13:24:19,074 - INFO - 已从标签 '童话' 获取 50 本书
2025-03-26 13:24:25,703 - INFO - 标签 '童话' 处理完成，获取 50 本书
2025-03-26 13:24:43,651 - INFO - 已从标签 '名著' 获取 20 本书
2025-03-26 13:24:56,311 - INFO - 已从标签 '名著' 获取 40 本书
2025-03-26 13:25:06,993 - INFO - 已从标签 '名著' 获取 50 本书
2025-03-26 13:25:14,810 - INFO - 标签 '名著' 处理完成，获取 50 本书
2025-03-26 13:25:46,444 - INFO - 已从标签 '儿童文学' 获取 20 本书
2025-03-26 13:26:01,262 - INFO - 已从标签 '儿童文学' 获取 40 本书
2025-03-26 13:26:12,929 - INFO - 已从标签 '儿童文学' 获取 50 本书
2025-03-26 13:26:18,252 - INFO - 标签 '儿童文学' 处理完成，获取 50 本书
2025-03-26 13:26:38,230 - INFO - 已从标签 '古典文学' 获取 20 本书
2025-03-26 13:26:47,910 - INFO - 已从标签 '古典文学' 获取 40 本书
2025-03-26 13:26:56,529 - INFO - 已从标签 '古典文学' 获取 50 本书
2025-03-26 13:27:00,491 - INFO - 标签 '古典文学' 处理完成，获取 50 本书
2025-03-26 13:27:15,479 - INFO - 已从标签 '余华' 获取 20 本书
2025-03-26 13:27:23,837 - INFO - 已从标签 '余华' 获取 40 本书
2025-03-26 13:27:35,318 - INFO - 已从标签 '余华' 获取 48 本书
2025-03-26 13:27:49,772 - INFO - 已从标签 '余华' 获取 50 本书
2025-03-26 13:27:53,162 - INFO - 标签 '余华' 处理完成，获取 50 本书
2025-03-26 13:28:12,920 - INFO - 已从标签 '王小波' 获取 20 本书
2025-03-26 13:28:24,467 - INFO - 已从标签 '王小波' 获取 40 本书
2025-03-26 13:28:33,221 - INFO - 已从标签 '王小波' 获取 45 本书
2025-03-26 13:28:42,593 - INFO - 已从标签 '王小波' 获取 50 本书
2025-03-26 13:28:46,684 - INFO - 标签 '王小波' 处理完成，获取 50 本书
2025-03-26 13:29:08,682 - INFO - 已从标签 '当代文学' 获取 20 本书
2025-03-26 13:29:20,753 - INFO - 已从标签 '当代文学' 获取 40 本书
2025-03-26 13:29:32,014 - INFO - 已从标签 '当代文学' 获取 50 本书
2025-03-26 13:29:36,761 - INFO - 标签 '当代文学' 处理完成，获取 50 本书
2025-03-26 13:29:59,617 - INFO - 已从标签 '杂文' 获取 20 本书
2025-03-26 13:30:10,672 - INFO - 已从标签 '杂文' 获取 40 本书
2025-03-26 13:30:20,107 - INFO - 已从标签 '杂文' 获取 50 本书
2025-03-26 13:30:25,182 - INFO - 标签 '杂文' 处理完成，获取 50 本书
2025-03-26 13:30:46,505 - INFO - 已从标签 '张爱玲' 获取 20 本书
2025-03-26 13:30:57,867 - INFO - 已从标签 '张爱玲' 获取 40 本书
2025-03-26 13:31:09,027 - INFO - 已从标签 '张爱玲' 获取 50 本书
2025-03-26 13:31:13,407 - INFO - 标签 '张爱玲' 处理完成，获取 50 本书
2025-03-26 13:31:38,277 - INFO - 已从标签 '外国名著' 获取 20 本书
2025-03-26 13:31:52,653 - INFO - 已从标签 '外国名著' 获取 40 本书
2025-03-26 13:32:00,528 - INFO - 已从标签 '外国名著' 获取 50 本书
2025-03-26 13:32:07,431 - INFO - 标签 '外国名著' 处理完成，获取 50 本书
2025-03-26 13:32:36,263 - INFO - 已从标签 '鲁迅' 获取 20 本书
2025-03-26 13:32:49,518 - INFO - 已从标签 '鲁迅' 获取 40 本书
2025-03-26 13:33:00,297 - INFO - 已从标签 '鲁迅' 获取 50 本书
2025-03-26 13:33:06,138 - INFO - 标签 '鲁迅' 处理完成，获取 50 本书
2025-03-26 13:33:29,997 - INFO - 已从标签 '钱钟书' 获取 11 本书
2025-03-26 13:33:39,946 - INFO - 已从标签 '钱钟书' 获取 31 本书
2025-03-26 13:33:49,333 - INFO - 已从标签 '钱钟书' 获取 50 本书
2025-03-26 13:33:53,934 - INFO - 标签 '钱钟书' 处理完成，获取 50 本书
2025-03-26 13:35:09,831 - INFO - 已从标签 '诗词' 获取 20 本书
2025-03-26 13:35:22,675 - INFO - 已从标签 '诗词' 获取 40 本书
2025-03-26 13:35:35,084 - INFO - 已从标签 '诗词' 获取 50 本书
2025-03-26 13:35:42,463 - INFO - 标签 '诗词' 处理完成，获取 50 本书
2025-03-26 13:35:58,491 - INFO - 已从标签 '茨威格' 获取 20 本书
2025-03-26 13:36:06,251 - INFO - 已从标签 '茨威格' 获取 28 本书
2025-03-26 13:36:20,743 - INFO - 已从标签 '茨威格' 获取 48 本书
2025-03-26 13:36:34,182 - INFO - 已从标签 '茨威格' 获取 50 本书
2025-03-26 13:36:37,567 - INFO - 标签 '茨威格' 处理完成，获取 50 本书
2025-03-26 13:36:52,989 - INFO - 已从标签 '米兰·昆德拉' 获取 16 本书
2025-03-26 13:37:04,916 - INFO - 已从标签 '米兰·昆德拉' 获取 36 本书
2025-03-26 13:37:17,993 - INFO - 已从标签 '米兰·昆德拉' 获取 50 本书
2025-03-26 13:37:25,459 - INFO - 标签 '米兰·昆德拉' 处理完成，获取 50 本书
2025-03-26 13:37:55,195 - INFO - 已从标签 '杜拉斯' 获取 10 本书
2025-03-26 13:38:06,132 - INFO - 已从标签 '杜拉斯' 获取 30 本书
2025-03-26 13:38:15,033 - INFO - 已从标签 '杜拉斯' 获取 50 本书
2025-03-26 13:38:22,378 - INFO - 标签 '杜拉斯' 处理完成，获取 50 本书
2025-03-26 13:38:38,038 - INFO - 已从标签 '港台' 获取 20 本书
2025-03-26 13:38:51,650 - INFO - 已从标签 '港台' 获取 40 本书
2025-03-26 13:39:02,155 - INFO - 已从标签 '港台' 获取 50 本书
2025-03-26 13:39:07,717 - INFO - 标签 '港台' 处理完成，获取 50 本书
2025-03-26 13:39:32,279 - INFO - 已从标签 '流行' 获取 12 本书
2025-03-26 13:39:43,612 - INFO - 已从标签 '流行' 获取 32 本书
2025-03-26 13:39:55,734 - INFO - 已从标签 '流行' 获取 50 本书
2025-03-26 13:40:03,666 - INFO - 标签 '流行' 处理完成，获取 50 本书
2025-03-26 13:40:25,705 - INFO - 已从标签 '漫画' 获取 20 本书
2025-03-26 13:40:38,262 - INFO - 已从标签 '漫画' 获取 40 本书
2025-03-26 13:40:47,902 - INFO - 已从标签 '漫画' 获取 50 本书
2025-03-26 13:40:55,599 - INFO - 标签 '漫画' 处理完成，获取 50 本书
2025-03-26 13:41:23,043 - INFO - 已从标签 '推理' 获取 20 本书
2025-03-26 13:41:36,669 - INFO - 已从标签 '推理' 获取 40 本书
2025-03-26 13:41:44,271 - INFO - 已从标签 '推理' 获取 50 本书
2025-03-26 13:41:48,158 - INFO - 标签 '推理' 处理完成，获取 50 本书
2025-03-26 13:42:10,884 - INFO - 已从标签 '绘本' 获取 20 本书
2025-03-26 13:42:29,221 - INFO - 已从标签 '绘本' 获取 40 本书
2025-03-26 13:42:42,974 - INFO - 已从标签 '绘本' 获取 50 本书
2025-03-26 13:42:49,948 - INFO - 标签 '绘本' 处理完成，获取 50 本书
2025-03-26 13:43:17,247 - INFO - 已从标签 '悬疑' 获取 20 本书
2025-03-26 13:43:30,329 - INFO - 已从标签 '悬疑' 获取 40 本书
2025-03-26 13:43:36,923 - INFO - 已从标签 '悬疑' 获取 50 本书
2025-03-26 13:43:42,438 - INFO - 标签 '悬疑' 处理完成，获取 50 本书
2025-03-26 13:44:05,366 - INFO - 已从标签 '科幻' 获取 20 本书
2025-03-26 13:44:15,964 - INFO - 已从标签 '科幻' 获取 40 本书
2025-03-26 13:44:24,127 - INFO - 已从标签 '科幻' 获取 50 本书
2025-03-26 13:44:31,793 - INFO - 标签 '科幻' 处理完成，获取 50 本书
2025-03-26 13:44:54,626 - INFO - 已从标签 '东野圭吾' 获取 20 本书
2025-03-26 13:45:04,133 - INFO - 已从标签 '东野圭吾' 获取 40 本书
2025-03-26 13:45:16,400 - INFO - 已从标签 '东野圭吾' 获取 50 本书
2025-03-26 13:45:22,706 - INFO - 标签 '东野圭吾' 处理完成，获取 50 本书
2025-03-26 13:45:51,136 - INFO - 已从标签 '青春' 获取 20 本书
2025-03-26 13:46:03,534 - INFO - 已从标签 '青春' 获取 40 本书
2025-03-26 13:46:17,846 - INFO - 已从标签 '青春' 获取 50 本书
2025-03-26 13:46:23,598 - INFO - 标签 '青春' 处理完成，获取 50 本书
2025-03-26 13:46:44,699 - INFO - 已从标签 '言情' 获取 20 本书
2025-03-26 13:46:51,169 - INFO - 已从标签 '言情' 获取 40 本书
2025-03-26 13:47:01,120 - INFO - 已从标签 '言情' 获取 50 本书
2025-03-26 13:47:09,016 - INFO - 标签 '言情' 处理完成，获取 50 本书
2025-03-26 13:47:41,422 - INFO - 已从标签 '推理小说' 获取 20 本书
2025-03-26 13:47:50,194 - INFO - 已从标签 '推理小说' 获取 40 本书
2025-03-26 13:47:58,677 - INFO - 已从标签 '推理小说' 获取 50 本书
2025-03-26 13:48:06,141 - INFO - 标签 '推理小说' 处理完成，获取 50 本书
2025-03-26 13:48:39,691 - INFO - 已从标签 '奇幻' 获取 20 本书
2025-03-26 13:48:52,811 - INFO - 已从标签 '奇幻' 获取 40 本书
2025-03-26 13:49:03,951 - INFO - 已从标签 '奇幻' 获取 50 本书
2025-03-26 13:49:08,128 - INFO - 标签 '奇幻' 处理完成，获取 50 本书
2025-03-26 13:49:39,622 - INFO - 已从标签 '日本漫画' 获取 20 本书
2025-03-26 13:49:49,539 - INFO - 已从标签 '日本漫画' 获取 40 本书
2025-03-26 13:49:59,486 - INFO - 已从标签 '日本漫画' 获取 50 本书
2025-03-26 13:50:04,127 - INFO - 标签 '日本漫画' 处理完成，获取 50 本书
2025-03-26 13:50:28,358 - INFO - 已从标签 '武侠' 获取 20 本书
2025-03-26 13:50:40,801 - INFO - 已从标签 '武侠' 获取 40 本书
2025-03-26 13:50:49,331 - INFO - 已从标签 '武侠' 获取 50 本书
2025-03-26 13:50:56,006 - INFO - 标签 '武侠' 处理完成，获取 50 本书
2025-03-26 13:51:29,506 - INFO - 已从标签 '耽美' 获取 20 本书
2025-03-26 13:51:42,420 - INFO - 已从标签 '耽美' 获取 40 本书
2025-03-26 13:51:52,713 - INFO - 已从标签 '耽美' 获取 50 本书
2025-03-26 13:51:57,124 - INFO - 标签 '耽美' 处理完成，获取 50 本书
2025-03-26 13:52:23,916 - INFO - 已从标签 '科幻小说' 获取 20 本书
2025-03-26 13:52:33,181 - INFO - 已从标签 '科幻小说' 获取 40 本书
2025-03-26 13:52:44,191 - INFO - 已从标签 '科幻小说' 获取 50 本书
2025-03-26 13:52:47,683 - INFO - 标签 '科幻小说' 处理完成，获取 50 本书
2025-03-26 13:53:14,643 - INFO - 已从标签 '网络小说' 获取 20 本书
2025-03-26 13:53:24,064 - INFO - 已从标签 '网络小说' 获取 40 本书
2025-03-26 13:53:33,368 - INFO - 已从标签 '网络小说' 获取 50 本书
2025-03-26 13:53:40,305 - INFO - 标签 '网络小说' 处理完成，获取 50 本书
2025-03-26 13:54:08,217 - INFO - 已从标签 '三毛' 获取 20 本书
2025-03-26 13:54:17,481 - INFO - 已从标签 '三毛' 获取 40 本书
2025-03-26 13:54:32,013 - INFO - 已从标签 '三毛' 获取 50 本书
2025-03-26 13:54:35,535 - INFO - 标签 '三毛' 处理完成，获取 50 本书
2025-03-26 13:54:59,568 - INFO - 已从标签 '韩寒' 获取 10 本书
2025-03-26 13:55:11,130 - INFO - 已从标签 '韩寒' 获取 29 本书
2025-03-26 13:55:24,250 - INFO - 已从标签 '韩寒' 获取 49 本书
2025-03-26 13:55:38,056 - INFO - 已从标签 '韩寒' 获取 50 本书
2025-03-26 13:55:42,853 - INFO - 标签 '韩寒' 处理完成，获取 50 本书
2025-03-26 13:56:08,847 - INFO - 已从标签 '亦舒' 获取 20 本书
2025-03-26 13:56:21,002 - INFO - 已从标签 '亦舒' 获取 40 本书
2025-03-26 13:56:33,105 - INFO - 已从标签 '亦舒' 获取 50 本书
2025-03-26 13:56:41,092 - INFO - 标签 '亦舒' 处理完成，获取 50 本书
2025-03-26 13:57:09,499 - INFO - 已从标签 '阿加莎·克里斯蒂' 获取 20 本书
2025-03-26 13:57:23,460 - INFO - 已从标签 '阿加莎·克里斯蒂' 获取 40 本书
2025-03-26 13:57:33,967 - INFO - 已从标签 '阿加莎·克里斯蒂' 获取 50 本书
2025-03-26 13:57:39,894 - INFO - 标签 '阿加莎·克里斯蒂' 处理完成，获取 50 本书
2025-03-26 13:58:07,251 - INFO - 已从标签 '金庸' 获取 20 本书
2025-03-26 13:58:14,806 - INFO - 已从标签 '金庸' 获取 40 本书
2025-03-26 13:58:26,936 - INFO - 已从标签 '金庸' 获取 50 本书
2025-03-26 13:58:33,989 - INFO - 标签 '金庸' 处理完成，获取 50 本书
2025-03-26 13:59:14,386 - INFO - 已从标签 '穿越' 获取 20 本书
2025-03-26 13:59:28,889 - INFO - 已从标签 '穿越' 获取 40 本书
2025-03-26 13:59:39,994 - INFO - 已从标签 '穿越' 获取 50 本书
2025-03-26 13:59:45,021 - INFO - 标签 '穿越' 处理完成，获取 50 本书
2025-03-26 14:00:04,575 - INFO - 已从标签 '安妮宝贝' 获取 7 本书
2025-03-26 14:00:18,427 - INFO - 已从标签 '安妮宝贝' 获取 27 本书
2025-03-26 14:00:28,176 - INFO - 已从标签 '安妮宝贝' 获取 47 本书
2025-03-26 14:00:38,237 - INFO - 已从标签 '安妮宝贝' 获取 50 本书
2025-03-26 14:00:44,114 - INFO - 标签 '安妮宝贝' 处理完成，获取 50 本书
2025-03-26 14:01:02,104 - INFO - 已从标签 '轻小说' 获取 20 本书
2025-03-26 14:01:12,625 - INFO - 已从标签 '轻小说' 获取 40 本书
2025-03-26 14:01:24,220 - INFO - 已从标签 '轻小说' 获取 50 本书
2025-03-26 14:01:30,148 - INFO - 标签 '轻小说' 处理完成，获取 50 本书
2025-03-26 14:02:05,188 - INFO - 已从标签 '魔幻' 获取 20 本书
2025-03-26 14:02:18,222 - INFO - 已从标签 '魔幻' 获取 40 本书
2025-03-26 14:02:29,623 - INFO - 已从标签 '魔幻' 获取 50 本书
2025-03-26 14:02:34,460 - INFO - 标签 '魔幻' 处理完成，获取 50 本书
2025-03-26 14:03:06,832 - INFO - 已从标签 '郭敬明' 获取 13 本书
2025-03-26 14:03:15,391 - INFO - 已从标签 '郭敬明' 获取 33 本书
2025-03-26 14:03:25,411 - INFO - 已从标签 '郭敬明' 获取 50 本书
2025-03-26 14:03:32,895 - INFO - 标签 '郭敬明' 处理完成，获取 50 本书
2025-03-26 14:03:57,468 - INFO - 已从标签 '青春文学' 获取 20 本书
2025-03-26 14:04:08,038 - INFO - 已从标签 '青春文学' 获取 39 本书
2025-03-26 14:04:20,664 - INFO - 已从标签 '青春文学' 获取 50 本书
2025-03-26 14:04:23,698 - INFO - 标签 '青春文学' 处理完成，获取 50 本书
2025-03-26 14:04:56,429 - INFO - 已从标签 '几米' 获取 15 本书
2025-03-26 14:05:09,163 - INFO - 已从标签 '几米' 获取 35 本书
2025-03-26 14:05:18,797 - INFO - 已从标签 '几米' 获取 50 本书
2025-03-26 14:05:24,763 - INFO - 标签 '几米' 处理完成，获取 50 本书
2025-03-26 14:05:42,108 - INFO - 已从标签 'J.K.罗琳' 获取 20 本书
2025-03-26 14:05:53,922 - INFO - 已从标签 'J.K.罗琳' 获取 21 本书
2025-03-26 14:06:02,998 - INFO - 已从标签 'J.K.罗琳' 获取 41 本书
2025-03-26 14:06:13,832 - INFO - 已从标签 'J.K.罗琳' 获取 50 本书
2025-03-26 14:06:20,688 - INFO - 标签 'J.K.罗琳' 处理完成，获取 50 本书
2025-03-26 14:06:53,465 - INFO - 已从标签 '幾米' 获取 19 本书
2025-03-26 14:07:03,490 - INFO - 已从标签 '幾米' 获取 39 本书
2025-03-26 14:07:09,774 - INFO - 已从标签 '幾米' 获取 50 本书
2025-03-26 14:07:14,921 - INFO - 标签 '幾米' 处理完成，获取 50 本书
2025-03-26 14:07:54,073 - INFO - 已从标签 '校园' 获取 20 本书
2025-03-26 14:08:04,432 - INFO - 已从标签 '校园' 获取 40 本书
2025-03-26 14:08:18,527 - INFO - 已从标签 '校园' 获取 50 本书
2025-03-26 14:08:24,775 - INFO - 标签 '校园' 处理完成，获取 50 本书
2025-03-26 14:08:58,681 - INFO - 已从标签 '张小娴' 获取 13 本书
2025-03-26 14:09:11,003 - INFO - 已从标签 '张小娴' 获取 33 本书
2025-03-26 14:09:20,356 - INFO - 已从标签 '张小娴' 获取 50 本书
2025-03-26 14:09:25,741 - INFO - 标签 '张小娴' 处理完成，获取 50 本书
2025-03-26 14:09:56,384 - INFO - 已从标签 '古龙' 获取 20 本书
2025-03-26 14:10:05,372 - INFO - 已从标签 '古龙' 获取 31 本书
2025-03-26 14:10:15,873 - INFO - 已从标签 '古龙' 获取 50 本书
2025-03-26 14:10:22,254 - INFO - 标签 '古龙' 处理完成，获取 50 本书
2025-03-26 14:10:48,434 - INFO - 已从标签 '高木直子' 获取 20 本书
2025-03-26 14:10:59,152 - INFO - 已从标签 '高木直子' 获取 26 本书
2025-03-26 14:11:11,554 - INFO - 已从标签 '高木直子' 获取 46 本书
2025-03-26 14:11:20,922 - INFO - 已从标签 '高木直子' 获取 50 本书
2025-03-26 14:11:26,416 - INFO - 标签 '高木直子' 处理完成，获取 50 本书
2025-03-26 14:11:49,351 - INFO - 已从标签 '沧月' 获取 17 本书
2025-03-26 14:11:56,548 - INFO - 已从标签 '沧月' 获取 37 本书
2025-03-26 14:12:10,088 - INFO - 已从标签 '沧月' 获取 50 本书
2025-03-26 14:12:17,739 - INFO - 标签 '沧月' 处理完成，获取 50 本书
2025-03-26 14:12:35,669 - INFO - 已从标签 '余秋雨' 获取 11 本书
2025-03-26 14:12:49,406 - INFO - 已从标签 '余秋雨' 获取 31 本书
2025-03-26 14:12:59,929 - INFO - 已从标签 '余秋雨' 获取 50 本书
2025-03-26 14:13:07,560 - INFO - 标签 '余秋雨' 处理完成，获取 50 本书
2025-03-26 14:13:42,080 - INFO - 已从标签 '王朔' 获取 20 本书
2025-03-26 14:13:54,024 - INFO - 已从标签 '王朔' 获取 22 本书
2025-03-26 14:14:05,474 - INFO - 已从标签 '王朔' 获取 42 本书
2025-03-26 14:14:17,402 - INFO - 已从标签 '王朔' 获取 50 本书
2025-03-26 14:14:21,959 - INFO - 标签 '王朔' 处理完成，获取 50 本书
2025-03-26 14:14:51,151 - INFO - 已从标签 '文化' 获取 20 本书
2025-03-26 14:15:03,082 - INFO - 已从标签 '文化' 获取 40 本书
2025-03-26 14:15:15,581 - INFO - 已从标签 '文化' 获取 50 本书
2025-03-26 14:15:18,587 - INFO - 标签 '文化' 处理完成，获取 50 本书
2025-03-26 14:15:37,886 - INFO - 已从标签 '历史' 获取 20 本书
2025-03-26 14:15:45,521 - INFO - 已从标签 '历史' 获取 40 本书
2025-03-26 14:15:54,150 - INFO - 已从标签 '历史' 获取 50 本书
2025-03-26 14:15:58,896 - INFO - 标签 '历史' 处理完成，获取 50 本书
2025-03-26 14:16:25,903 - INFO - 已从标签 '心理学' 获取 20 本书
2025-03-26 14:16:39,397 - INFO - 已从标签 '心理学' 获取 40 本书
2025-03-26 14:16:50,449 - INFO - 已从标签 '心理学' 获取 50 本书
2025-03-26 14:16:57,409 - INFO - 标签 '心理学' 处理完成，获取 50 本书
2025-03-26 14:17:14,186 - INFO - 已从标签 '哲学' 获取 20 本书
2025-03-26 14:17:24,703 - INFO - 已从标签 '哲学' 获取 40 本书
2025-03-26 14:17:36,372 - INFO - 已从标签 '哲学' 获取 50 本书
2025-03-26 14:17:42,585 - INFO - 标签 '哲学' 处理完成，获取 50 本书
2025-03-26 14:18:17,030 - INFO - 已从标签 '社会学' 获取 20 本书
2025-03-26 14:18:27,911 - INFO - 已从标签 '社会学' 获取 40 本书
2025-03-26 14:18:38,660 - INFO - 已从标签 '社会学' 获取 50 本书
2025-03-26 14:18:45,547 - INFO - 标签 '社会学' 处理完成，获取 50 本书
2025-03-26 14:19:13,318 - INFO - 已从标签 '传记' 获取 20 本书
2025-03-26 14:19:22,447 - INFO - 已从标签 '传记' 获取 40 本书
2025-03-26 14:19:34,970 - INFO - 已从标签 '传记' 获取 50 本书
2025-03-26 14:19:38,489 - INFO - 标签 '传记' 处理完成，获取 50 本书
2025-03-26 14:19:54,291 - INFO - 已从标签 '文化' 获取 20 本书
2025-03-26 14:20:02,419 - INFO - 已从标签 '文化' 获取 40 本书
2025-03-26 14:20:10,864 - INFO - 已从标签 '文化' 获取 50 本书
2025-03-26 14:20:15,353 - INFO - 标签 '文化' 处理完成，获取 50 本书
2025-03-26 14:20:36,935 - INFO - 已从标签 '艺术' 获取 20 本书
2025-03-26 14:20:47,419 - INFO - 已从标签 '艺术' 获取 40 本书
2025-03-26 14:20:55,895 - INFO - 已从标签 '艺术' 获取 50 本书
2025-03-26 14:21:03,215 - INFO - 标签 '艺术' 处理完成，获取 50 本书
2025-03-26 14:21:25,923 - INFO - 已从标签 '社会' 获取 20 本书
2025-03-26 14:21:35,294 - INFO - 已从标签 '社会' 获取 40 本书
2025-03-26 14:21:44,193 - INFO - 已从标签 '社会' 获取 50 本书
2025-03-26 14:21:48,034 - INFO - 标签 '社会' 处理完成，获取 50 本书
2025-03-26 14:22:05,163 - INFO - 已从标签 '政治' 获取 20 本书
2025-03-26 14:22:14,852 - INFO - 已从标签 '政治' 获取 40 本书
2025-03-26 14:22:25,082 - INFO - 已从标签 '政治' 获取 50 本书
2025-03-26 14:22:31,671 - INFO - 标签 '政治' 处理完成，获取 50 本书
2025-03-26 14:22:56,319 - INFO - 已从标签 '设计' 获取 20 本书
2025-03-26 14:23:08,346 - INFO - 已从标签 '设计' 获取 40 本书
2025-03-26 14:23:17,442 - INFO - 已从标签 '设计' 获取 50 本书
2025-03-26 14:23:20,772 - INFO - 标签 '设计' 处理完成，获取 50 本书
2025-03-26 14:23:51,001 - INFO - 已从标签 '政治学' 获取 20 本书
2025-03-26 14:24:01,645 - INFO - 已从标签 '政治学' 获取 40 本书
2025-03-26 14:24:12,201 - INFO - 已从标签 '政治学' 获取 50 本书
2025-03-26 14:24:15,492 - INFO - 标签 '政治学' 处理完成，获取 50 本书
2025-03-26 14:24:36,841 - INFO - 已从标签 '宗教' 获取 20 本书
2025-03-26 14:24:48,858 - INFO - 已从标签 '宗教' 获取 40 本书
2025-03-26 14:25:01,501 - INFO - 已从标签 '宗教' 获取 50 本书
2025-03-26 14:25:06,487 - INFO - 标签 '宗教' 处理完成，获取 50 本书
2025-03-26 14:25:21,596 - INFO - 已从标签 '电影' 获取 20 本书
2025-03-26 14:25:29,461 - INFO - 已从标签 '电影' 获取 40 本书
2025-03-26 14:25:38,296 - INFO - 已从标签 '电影' 获取 50 本书
2025-03-26 14:25:43,412 - INFO - 标签 '电影' 处理完成，获取 50 本书
2025-03-26 14:26:00,715 - INFO - 已从标签 '建筑' 获取 20 本书
2025-03-26 14:26:10,520 - INFO - 已从标签 '建筑' 获取 40 本书
2025-03-26 14:26:25,020 - INFO - 已从标签 '建筑' 获取 50 本书
2025-03-26 14:26:32,675 - INFO - 标签 '建筑' 处理完成，获取 50 本书
2025-03-26 14:26:59,540 - INFO - 已从标签 '中国历史' 获取 20 本书
2025-03-26 14:27:12,088 - INFO - 已从标签 '中国历史' 获取 40 本书
2025-03-26 14:27:18,823 - INFO - 已从标签 '中国历史' 获取 50 本书
2025-03-26 14:27:26,464 - INFO - 标签 '中国历史' 处理完成，获取 50 本书
2025-03-26 14:27:44,277 - INFO - 已从标签 '数学' 获取 20 本书
2025-03-26 14:27:52,228 - INFO - 已从标签 '数学' 获取 40 本书
2025-03-26 14:28:02,129 - INFO - 已从标签 '数学' 获取 50 本书
2025-03-26 14:28:08,765 - INFO - 标签 '数学' 处理完成，获取 50 本书
2025-03-26 14:28:39,320 - INFO - 已从标签 '回忆录' 获取 20 本书
2025-03-26 14:28:49,784 - INFO - 已从标签 '回忆录' 获取 40 本书
2025-03-26 14:29:00,060 - INFO - 已从标签 '回忆录' 获取 50 本书
2025-03-26 14:29:05,828 - INFO - 标签 '回忆录' 处理完成，获取 50 本书
2025-03-26 14:29:34,367 - INFO - 已从标签 '思想' 获取 20 本书
2025-03-26 14:29:42,330 - INFO - 已从标签 '思想' 获取 40 本书
2025-03-26 14:29:53,563 - INFO - 已从标签 '思想' 获取 50 本书
2025-03-26 14:30:00,086 - INFO - 标签 '思想' 处理完成，获取 50 本书
2025-03-26 14:30:24,478 - INFO - 已从标签 '人物传记' 获取 20 本书
2025-03-26 14:30:35,514 - INFO - 已从标签 '人物传记' 获取 40 本书
2025-03-26 14:30:44,409 - INFO - 已从标签 '人物传记' 获取 50 本书
2025-03-26 14:30:48,945 - INFO - 标签 '人物传记' 处理完成，获取 50 本书
2025-03-26 14:31:14,916 - INFO - 已从标签 '艺术史' 获取 20 本书
2025-03-26 14:31:24,077 - INFO - 已从标签 '艺术史' 获取 40 本书
2025-03-26 14:31:36,361 - INFO - 已从标签 '艺术史' 获取 50 本书
2025-03-26 14:31:43,147 - INFO - 标签 '艺术史' 处理完成，获取 50 本书
